Símbolo         Valor Decimal   Valor Hexadecimal
-------         -------------   -----------------
_KERNEL                     0                   0
_VETTAB                   256                 100
_RESET                    512                 200
_APP                    32768                8000
_IOAREA16               65408                FF80
_IOAREA08               65472                FFC0
STACK                   32767                7FFF
IVET                    65470                FFBE
TIMDT                   65495                FFD7
INTS                    65496                FFD8
INTE                    65497                FFD9
TECST                   65498                FFDA
TECDT                   65499                FFDB
VISOR                   65500                FFDC
GETCHAR                   578                 242
LOOP_GETCHAR              578                 242
PUTCHAR                   595                 253
PUTCHAR_OUT               627                 273
PUTMSG                    628                 274
LOOP_PUTMSG               634                 27A
PUTMSG_OUT                654                 28E
CLR_VISOR                 659                 293
LOOP_VISOR                665                 299
KBHIT                     684                 2AC
KBHIT_OUT                 712                 2C8
GET_TIMER                 713                 2C9
CLR_TIMER                 718                 2CE
GET_TIMER_ON              723                 2D3
GTO_OUT                   742                 2E6
SET_TIMER_ON              745                 2E9
TIMER_STOP                756                 2F4
GET_SPEED                 763                 2FB
ISR                       768                 300
ISR2                      800                 320
ISR3                      820                 334
ISRTIM                    833                 341
ISRTEC                    840                 348
SPEED_RETURN              860                 35C
ISRTEC_OUT                864                 360
SPEED_DEC                 865                 361
SPEED_INC                 881                 371
SPEED                     897                 381
TIMER                     899                 383
VELTIMER                    5                   5
